// Jest Snapshot v1, https://goo.gl/fbAQLP

exports[`App component renders component correctly 1`] = `
<v-app-stub
  id="app"
>
  <header
    class="sticky"
  >
    <page-header-stub />
  </header>
   
  <v-main-stub
    class="white darken-4"
    tag="main"
  >
    <transition-stub
      name="fade"
    >
      <router-view-stub
        name="default"
      />
    </transition-stub>
  </v-main-stub>
   
  <footer>
    <page-footer-stub />
  </footer>
</v-app-stub>
`;
