// Jest Snapshot v1, https://goo.gl/fbAQLP

exports[`ListContainer component renders component correctly 1`] = `
<div>
  <v-sheet-stub
    class="mx-auto white darken-4"
    tag="div"
  >
    <div
      class="headline font-weight-bold blue-grey--text mx-12 mt-12"
    >
      
      
    
    </div>
     
    <v-slide-group-stub
      activeclass="v-slide-item--active"
      class="pa-4"
      light="true"
      mobilebreakpoint="1264"
      nexticon="$next"
      previcon="$prev"
      showarrows="desktop"
      tag="div"
    />
  </v-sheet-stub>
</div>
`;
