// Jest Snapshot v1, https://goo.gl/fbAQLP

exports[`Page404 view renders component correctly 1`] = `
<v-container-stub
  class="text-center white--text"
  tag="div"
>
  <v-row-stub
    tag="div"
  >
    <v-col-stub
      cols="12"
      tag="div"
    >
      <h1
        class="pt-6 black--text"
      >
        404 - Page not found
      </h1>
       
      <router-link-stub
        ariacurrentvalue="page"
        event="click"
        tag="a"
        title="Go to homepage"
        to="/"
      >
        <v-btn-stub
          activeclass=""
          class="mt-4"
          color="primary"
          tag="button"
          type="button"
        >
          Go to home
        </v-btn-stub>
      </router-link-stub>
    </v-col-stub>
  </v-row-stub>
</v-container-stub>
`;
