// Jest Snapshot v1, https://goo.gl/fbAQLP

exports[`PageHeader component renders component correctly 1`] = `
<div
  class="home"
>
  <v-app-bar-stub
    app="true"
    color="blue-grey darken-3"
    dark="true"
    extensionheight="48"
    flat="true"
    src=""
    tag="header"
    value="true"
  >
    <router-link-stub
      ariacurrentvalue="page"
      event="click"
      style="text-decoration: none;"
      tag="a"
      to="[object Object]"
    >
      <v-btn-stub
        activeclass=""
        large="true"
        tag="button"
        text="true"
        type="button"
      >
        <v-icon-stub
          x-large=""
          xlarge=""
        >
          mdi-youtube-tv
        </v-icon-stub>
         
        <v-toolbar-title-stub
          class="headline mx-5 display-1 font-weight-bold"
        >
          <span
            class="display-1 text-uppercase font-weight-medium"
          >
            TV 
          </span>
           
          <span
            class="display-1 text-uppercase font-weight-light"
          >
            Shows
          </span>
        </v-toolbar-title-stub>
      </v-btn-stub>
    </router-link-stub>
     
    <v-spacer-stub />
     
    <!---->
  </v-app-bar-stub>
</div>
`;
