// Jest Snapshot v1, https://goo.gl/fbAQLP

exports[`PageHeader component renders component correctly 1`] = `
<v-container-stub
  grid-list-lg=""
  tag="div"
>
  <v-layout-stub
    row=""
    tag="div"
    wrap=""
  >
    <v-sheet-stub
      class="mx-auto"
      maxwidth="100%"
      tag="div"
    >
      <v-slide-group-stub
        activeclass="v-slide-item--active"
        mobilebreakpoint="1264"
        multiple="true"
        nexticon="$next"
        previcon="$prev"
        showarrows="true"
        tag="div"
      >
        <v-slide-item-stub
          class="pr-4"
        />
        <v-slide-item-stub
          class="pr-4"
        />
        <v-slide-item-stub
          class="pr-4"
        />
        <v-slide-item-stub
          class="pr-4"
        />
        <v-slide-item-stub
          class="pr-4"
        />
        <v-slide-item-stub
          class="pr-4"
        />
      </v-slide-group-stub>
    </v-sheet-stub>
  </v-layout-stub>
</v-container-stub>
`;
