// Jest Snapshot v1, https://goo.gl/fbAQLP

exports[`ShowPreview component renders component correctly 1`] = `
<div>
  <v-card-stub
    class="ma-1"
    height="180"
    loaderheight="4"
    tag="div"
    width="180"
  >
    <v-img-stub
      class="white--text align-end"
      height="180"
      options="[object Object]"
      position="center center"
      src="https://static.tvmaze.com/uploads/images/medium_portrait/81/202627.jpg"
      transition="fade-transition"
    >
      <v-card-title-stub
        class="subtitle-2 black pa-1"
      >
        <div
          class="d-flex align-center show-name"
        >
          
            Under the Dome
          
        </div>
         
        <div
          class="d-flex align-center show-rating"
        >
          
            6.5
            
          <v-icon-stub
            color="red"
          >
            mdi-star
          </v-icon-stub>
        </div>
      </v-card-title-stub>
    </v-img-stub>
  </v-card-stub>
</div>
`;
